[dotenv@17.2.3] injecting env (19) from .env -- tip: 🔐 prevent committing .env to code: https://dotenvx.com/precommit
✅ Admin system integrated successfully
🔴 Redis connected
🗄️  PostgreSQL: Executing (default): SELECT 1+1 AS result
🗄️  PostgreSQL connection established
🗄️  PostgreSQL: Executing (default): SELECT table_name FROM information_schema.tables WHERE table_schema = 'public' AND table_name = 'locations'
🗄️  PostgreSQL: Executing (default): SELECT i.relname AS name, ix.indisprimary AS primary, ix.indisunique AS unique, ix.indkey AS indkey, array_agg(a.attnum) as column_indexes, array_agg(a.attname) AS column_names, pg_get_indexdef(ix.indexrelid) AS definition FROM pg_class t, pg_class i, pg_index ix, pg_attribute a WHERE t.oid = ix.indrelid AND i.oid = ix.indexrelid AND a.attrelid = t.oid AND t.relkind = 'r' and t.relname = 'locations' GROUP BY i.relname, ix.indexrelid, ix.indisprimary, ix.indisunique, ix.indkey ORDER BY i.relname;
🗄️  PostgreSQL: Executing (default): SELECT table_name FROM information_schema.tables WHERE table_schema = 'public' AND table_name = 'driver_locations'
🗄️  PostgreSQL: Executing (default): SELECT i.relname AS name, ix.indisprimary AS primary, ix.indisunique AS unique, ix.indkey AS indkey, array_agg(a.attnum) as column_indexes, array_agg(a.attname) AS column_names, pg_get_indexdef(ix.indexrelid) AS definition FROM pg_class t, pg_class i, pg_index ix, pg_attribute a WHERE t.oid = ix.indrelid AND i.oid = ix.indexrelid AND a.attrelid = t.oid AND t.relkind = 'r' and t.relname = 'driver_locations' GROUP BY i.relname, ix.indexrelid, ix.indisprimary, ix.indisunique, ix.indkey ORDER BY i.relname;
🗄️  PostgreSQL: Executing (default): SELECT table_name FROM information_schema.tables WHERE table_schema = 'public' AND table_name = 'location_history'
🗄️  PostgreSQL: Executing (default): SELECT i.relname AS name, ix.indisprimary AS primary, ix.indisunique AS unique, ix.indkey AS indkey, array_agg(a.attnum) as column_indexes, array_agg(a.attname) AS column_names, pg_get_indexdef(ix.indexrelid) AS definition FROM pg_class t, pg_class i, pg_index ix, pg_attribute a WHERE t.oid = ix.indrelid AND i.oid = ix.indexrelid AND a.attrelid = t.oid AND t.relkind = 'r' and t.relname = 'location_history' GROUP BY i.relname, ix.indexrelid, ix.indisprimary, ix.indisunique, ix.indkey ORDER BY i.relname;
🗄️  PostgreSQL: Executing (default): SELECT table_name FROM information_schema.tables WHERE table_schema = 'public' AND table_name = 'users'
🗄️  PostgreSQL: Executing (default): SELECT t.typname enum_name, array_agg(e.enumlabel ORDER BY enumsortorder) enum_value FROM pg_type t JOIN pg_enum e ON t.oid = e.enumtypid JOIN pg_catalog.pg_namespace n ON n.oid = t.typnamespace WHERE n.nspname = 'public' AND t.typname='enum_users_user_type' GROUP BY 1
🗄️  PostgreSQL: Executing (default): SELECT t.typname enum_name, array_agg(e.enumlabel ORDER BY enumsortorder) enum_value FROM pg_type t JOIN pg_enum e ON t.oid = e.enumtypid JOIN pg_catalog.pg_namespace n ON n.oid = t.typnamespace WHERE n.nspname = 'public' AND t.typname='enum_users_approval_status' GROUP BY 1
🗄️  PostgreSQL: Executing (default): SELECT i.relname AS name, ix.indisprimary AS primary, ix.indisunique AS unique, ix.indkey AS indkey, array_agg(a.attnum) as column_indexes, array_agg(a.attname) AS column_names, pg_get_indexdef(ix.indexrelid) AS definition FROM pg_class t, pg_class i, pg_index ix, pg_attribute a WHERE t.oid = ix.indrelid AND i.oid = ix.indexrelid AND a.attrelid = t.oid AND t.relkind = 'r' and t.relname = 'users' GROUP BY i.relname, ix.indexrelid, ix.indisprimary, ix.indisunique, ix.indkey ORDER BY i.relname;
🗄️  PostgreSQL: Executing (default): SELECT table_name FROM information_schema.tables WHERE table_schema = 'public' AND table_name = 'admins'
🗄️  PostgreSQL: Executing (default): SELECT t.typname enum_name, array_agg(e.enumlabel ORDER BY enumsortorder) enum_value FROM pg_type t JOIN pg_enum e ON t.oid = e.enumtypid JOIN pg_catalog.pg_namespace n ON n.oid = t.typnamespace WHERE n.nspname = 'public' AND t.typname='enum_admins_admin_level' GROUP BY 1
🗄️  PostgreSQL: Executing (default): SELECT i.relname AS name, ix.indisprimary AS primary, ix.indisunique AS unique, ix.indkey AS indkey, array_agg(a.attnum) as column_indexes, array_agg(a.attname) AS column_names, pg_get_indexdef(ix.indexrelid) AS definition FROM pg_class t, pg_class i, pg_index ix, pg_attribute a WHERE t.oid = ix.indrelid AND i.oid = ix.indexrelid AND a.attrelid = t.oid AND t.relkind = 'r' and t.relname = 'admins' GROUP BY i.relname, ix.indexrelid, ix.indisprimary, ix.indisunique, ix.indkey ORDER BY i.relname;
🗄️  PostgreSQL: Executing (default): SELECT table_name FROM information_schema.tables WHERE table_schema = 'public' AND table_name = 'drivers'
🗄️  PostgreSQL: Executing (default): SELECT t.typname enum_name, array_agg(e.enumlabel ORDER BY enumsortorder) enum_value FROM pg_type t JOIN pg_enum e ON t.oid = e.enumtypid JOIN pg_catalog.pg_namespace n ON n.oid = t.typnamespace WHERE n.nspname = 'public' AND t.typname='enum_drivers_license_verification_status' GROUP BY 1
🗄️  PostgreSQL: Executing (default): SELECT t.typname enum_name, array_agg(e.enumlabel ORDER BY enumsortorder) enum_value FROM pg_type t JOIN pg_enum e ON t.oid = e.enumtypid JOIN pg_catalog.pg_namespace n ON n.oid = t.typnamespace WHERE n.nspname = 'public' AND t.typname='enum_drivers_vehicle_verification_status' GROUP BY 1
🗄️  PostgreSQL: Executing (default): SELECT t.typname enum_name, array_agg(e.enumlabel ORDER BY enumsortorder) enum_value FROM pg_type t JOIN pg_enum e ON t.oid = e.enumtypid JOIN pg_catalog.pg_namespace n ON n.oid = t.typnamespace WHERE n.nspname = 'public' AND t.typname='enum_drivers_background_check_status' GROUP BY 1
🗄️  PostgreSQL: Executing (default): SELECT i.relname AS name, ix.indisprimary AS primary, ix.indisunique AS unique, ix.indkey AS indkey, array_agg(a.attnum) as column_indexes, array_agg(a.attname) AS column_names, pg_get_indexdef(ix.indexrelid) AS definition FROM pg_class t, pg_class i, pg_index ix, pg_attribute a WHERE t.oid = ix.indrelid AND i.oid = ix.indexrelid AND a.attrelid = t.oid AND t.relkind = 'r' and t.relname = 'drivers' GROUP BY i.relname, ix.indexrelid, ix.indisprimary, ix.indisunique, ix.indkey ORDER BY i.relname;
🗄️  PostgreSQL: Executing (default): SELECT table_name FROM information_schema.tables WHERE table_schema = 'public' AND table_name = 'vendors'
🗄️  PostgreSQL: Executing (default): SELECT t.typname enum_name, array_agg(e.enumlabel ORDER BY enumsortorder) enum_value FROM pg_type t JOIN pg_enum e ON t.oid = e.enumtypid JOIN pg_catalog.pg_namespace n ON n.oid = t.typnamespace WHERE n.nspname = 'public' AND t.typname='enum_vendors_business_verification_status' GROUP BY 1
🗄️  PostgreSQL: Executing (default): SELECT i.relname AS name, ix.indisprimary AS primary, ix.indisunique AS unique, ix.indkey AS indkey, array_agg(a.attnum) as column_indexes, array_agg(a.attname) AS column_names, pg_get_indexdef(ix.indexrelid) AS definition FROM pg_class t, pg_class i, pg_index ix, pg_attribute a WHERE t.oid = ix.indrelid AND i.oid = ix.indexrelid AND a.attrelid = t.oid AND t.relkind = 'r' and t.relname = 'vendors' GROUP BY i.relname, ix.indexrelid, ix.indisprimary, ix.indisunique, ix.indkey ORDER BY i.relname;
🗄️  PostgreSQL: Executing (default): SELECT table_name FROM information_schema.tables WHERE table_schema = 'public' AND table_name = 'documents'
🗄️  PostgreSQL: Executing (default): SELECT t.typname enum_name, array_agg(e.enumlabel ORDER BY enumsortorder) enum_value FROM pg_type t JOIN pg_enum e ON t.oid = e.enumtypid JOIN pg_catalog.pg_namespace n ON n.oid = t.typnamespace WHERE n.nspname = 'public' AND t.typname='enum_documents_user_type' GROUP BY 1
🗄️  PostgreSQL: Executing (default): SELECT t.typname enum_name, array_agg(e.enumlabel ORDER BY enumsortorder) enum_value FROM pg_type t JOIN pg_enum e ON t.oid = e.enumtypid JOIN pg_catalog.pg_namespace n ON n.oid = t.typnamespace WHERE n.nspname = 'public' AND t.typname='enum_documents_verification_status' GROUP BY 1
🗄️  PostgreSQL: Executing (default): SELECT i.relname AS name, ix.indisprimary AS primary, ix.indisunique AS unique, ix.indkey AS indkey, array_agg(a.attnum) as column_indexes, array_agg(a.attname) AS column_names, pg_get_indexdef(ix.indexrelid) AS definition FROM pg_class t, pg_class i, pg_index ix, pg_attribute a WHERE t.oid = ix.indrelid AND i.oid = ix.indexrelid AND a.attrelid = t.oid AND t.relkind = 'r' and t.relname = 'documents' GROUP BY i.relname, ix.indexrelid, ix.indisprimary, ix.indisunique, ix.indkey ORDER BY i.relname;
🗄️  PostgreSQL: Executing (default): SELECT table_name FROM information_schema.tables WHERE table_schema = 'public' AND table_name = 'approval_logs'
🗄️  PostgreSQL: Executing (default): SELECT i.relname AS name, ix.indisprimary AS primary, ix.indisunique AS unique, ix.indkey AS indkey, array_agg(a.attnum) as column_indexes, array_agg(a.attname) AS column_names, pg_get_indexdef(ix.indexrelid) AS definition FROM pg_class t, pg_class i, pg_index ix, pg_attribute a WHERE t.oid = ix.indrelid AND i.oid = ix.indexrelid AND a.attrelid = t.oid AND t.relkind = 'r' and t.relname = 'approval_logs' GROUP BY i.relname, ix.indexrelid, ix.indisprimary, ix.indisunique, ix.indkey ORDER BY i.relname;
🗄️  PostgreSQL: Executing (default): SELECT table_name FROM information_schema.tables WHERE table_schema = 'public' AND table_name = 'admin_notifications'
🗄️  PostgreSQL: Executing (default): SELECT t.typname enum_name, array_agg(e.enumlabel ORDER BY enumsortorder) enum_value FROM pg_type t JOIN pg_enum e ON t.oid = e.enumtypid JOIN pg_catalog.pg_namespace n ON n.oid = t.typnamespace WHERE n.nspname = 'public' AND t.typname='enum_admin_notifications_priority' GROUP BY 1
🗄️  PostgreSQL: Executing (default): SELECT i.relname AS name, ix.indisprimary AS primary, ix.indisunique AS unique, ix.indkey AS indkey, array_agg(a.attnum) as column_indexes, array_agg(a.attname) AS column_names, pg_get_indexdef(ix.indexrelid) AS definition FROM pg_class t, pg_class i, pg_index ix, pg_attribute a WHERE t.oid = ix.indrelid AND i.oid = ix.indexrelid AND a.attrelid = t.oid AND t.relkind = 'r' and t.relname = 'admin_notifications' GROUP BY i.relname, ix.indexrelid, ix.indisprimary, ix.indisunique, ix.indkey ORDER BY i.relname;
🗄️  PostgreSQL: Executing (default): SELECT table_name FROM information_schema.tables WHERE table_schema = 'public' AND table_name = 'loads'
🗄️  PostgreSQL: Executing (default): SELECT i.relname AS name, ix.indisprimary AS primary, ix.indisunique AS unique, ix.indkey AS indkey, array_agg(a.attnum) as column_indexes, array_agg(a.attname) AS column_names, pg_get_indexdef(ix.indexrelid) AS definition FROM pg_class t, pg_class i, pg_index ix, pg_attribute a WHERE t.oid = ix.indrelid AND i.oid = ix.indexrelid AND a.attrelid = t.oid AND t.relkind = 'r' and t.relname = 'loads' GROUP BY i.relname, ix.indexrelid, ix.indisprimary, ix.indisunique, ix.indkey ORDER BY i.relname;
🗄️  PostgreSQL: Executing (default): SELECT table_name FROM information_schema.tables WHERE table_schema = 'public' AND table_name = 'ratings'
🗄️  PostgreSQL: Executing (default): SELECT i.relname AS name, ix.indisprimary AS primary, ix.indisunique AS unique, ix.indkey AS indkey, array_agg(a.attnum) as column_indexes, array_agg(a.attname) AS column_names, pg_get_indexdef(ix.indexrelid) AS definition FROM pg_class t, pg_class i, pg_index ix, pg_attribute a WHERE t.oid = ix.indrelid AND i.oid = ix.indexrelid AND a.attrelid = t.oid AND t.relkind = 'r' and t.relname = 'ratings' GROUP BY i.relname, ix.indexrelid, ix.indisprimary, ix.indisunique, ix.indkey ORDER BY i.relname;
🗄️  Database models synchronized

🎉🎉🎉🎉🎉🎉🎉🎉🎉🎉🎉🎉🎉🎉🎉🎉🎉🎉🎉🎉🎉🎉🎉🎉🎉🎉🎉🎉🎉🎉🎉🎉🎉🎉🎉🎉🎉🎉🎉🎉🎉🎉🎉🎉🎉🎉🎉🎉🎉🎉🎉🎉🎉🎉🎉🎉🎉🎉🎉🎉🎉🎉🎉🎉🎉🎉🎉🎉🎉🎉🎉🎉🎉🎉🎉🎉🎉🎉🎉🎉
🚀 POSTGRESQL + REDIS + WEBSOCKET SERVER RUNNING
📍 Port: 3001
🌐 Local: http://localhost:3001
📱 Mobile: http://192.0.0.2:3001
🏥 Health: http://192.0.0.2:3001/health
🔗 WebSocket: ws://192.0.0.2:3001/ws

📊 REAL DATABASE FEATURES:
   ✅ PostgreSQL for persistent data
   ✅ Redis for real-time features
   ✅ WebSocket for live updates
   ✅ Full query logging enabled
   ✅ User authentication & authorization
   ✅ Load management system
   ✅ Real-time location tracking

🔐 API ENDPOINTS:
   📱 /auth/* - Authentication
   📦 /loads/* - Load management
   📍 /location/* - Location services
   🔗 /ws - WebSocket real-time updates
🎉🎉🎉🎉🎉🎉🎉🎉🎉🎉🎉🎉🎉🎉🎉🎉🎉🎉🎉🎉🎉🎉🎉🎉🎉🎉🎉🎉🎉🎉🎉🎉🎉🎉🎉🎉🎉🎉🎉🎉🎉🎉🎉🎉🎉🎉🎉🎉🎉🎉🎉🎉🎉🎉🎉🎉🎉🎉🎉🎉🎉🎉🎉🎉🎉🎉🎉🎉🎉🎉🎉🎉🎉🎉🎉🎉🎉🎉🎉🎉


🟢🟢🟢🟢🟢🟢🟢🟢🟢🟢🟢🟢🟢🟢🟢🟢🟢🟢🟢🟢🟢🟢🟢🟢🟢🟢🟢🟢🟢🟢🟢🟢🟢🟢🟢🟢🟢🟢🟢🟢🟢🟢🟢🟢🟢🟢🟢🟢🟢🟢🟢🟢🟢🟢🟢🟢🟢🟢🟢🟢🟢🟢🟢🟢🟢🟢🟢🟢🟢🟢🟢🟢🟢🟢🟢🟢🟢🟢🟢🟢
🚀 HTTP REQUEST [2025-10-26T04:07:05.297Z]
📝 POST /api/auth/admin/login
📤 Headers: {
  'content-type': 'application/json',
  authorization: 'None',
  'user-agent': 'axios/1.12.2...'
}
📦 Body: { username: 'superadmin', password: 'Admin@123' }
🔍 Query: [Object: null prototype] {}
📍 Params: {}
🟢🟢🟢🟢🟢🟢🟢🟢🟢🟢🟢🟢🟢🟢🟢🟢🟢🟢🟢🟢🟢🟢🟢🟢🟢🟢🟢🟢🟢🟢🟢🟢🟢🟢🟢🟢🟢🟢🟢🟢🟢🟢🟢🟢🟢🟢🟢🟢🟢🟢🟢🟢🟢🟢🟢🟢🟢🟢🟢🟢🟢🟢🟢🟢🟢🟢🟢🟢🟢🟢🟢🟢🟢🟢🟢🟢🟢🟢🟢🟢

🗄️  PostgreSQL: Executing (default): SELECT "User"."id", "User"."phone", "User"."username", "User"."name", "User"."email", "User"."password_hash" AS "passwordHash", "User"."user_type" AS "userType", "User"."is_active" AS "isActive", "User"."is_verified" AS "isVerified", "User"."email_verified" AS "emailVerified", "User"."phone_verified" AS "phoneVerified", "User"."approval_status" AS "approvalStatus", "User"."approved_by" AS "approvedBy", "User"."approved_at" AS "approvedAt", "User"."rejection_reason" AS "rejectionReason", "User"."is_suspended" AS "isSuspended", "User"."suspended_at" AS "suspendedAt", "User"."suspension_reason" AS "suspensionReason", "User"."suspended_by" AS "suspendedBy", "User"."last_active_at" AS "lastActiveAt", "User"."last_login_at" AS "lastLoginAt", "User"."login_count" AS "loginCount", "User"."deleted_at" AS "deletedAt", "User"."created_at" AS "createdAt", "User"."updated_at" AS "updatedAt", "adminProfile"."id" AS "adminProfile.id", "adminProfile"."user_id" AS "adminProfile.userId", "adminProfile"."admin_level" AS "adminProfile.adminLevel", "adminProfile"."department" AS "adminProfile.department", "adminProfile"."can_approve_vendors" AS "adminProfile.canApproveVendors", "adminProfile"."can_approve_drivers" AS "adminProfile.canApproveDrivers", "adminProfile"."can_suspend_users" AS "adminProfile.canSuspendUsers", "adminProfile"."can_view_financials" AS "adminProfile.canViewFinancials", "adminProfile"."can_manage_admins" AS "adminProfile.canManageAdmins", "adminProfile"."can_manage_loads" AS "adminProfile.canManageLoads", "adminProfile"."can_view_analytics" AS "adminProfile.canViewAnalytics", "adminProfile"."can_verify_documents" AS "adminProfile.canVerifyDocuments", "adminProfile"."total_approvals_count" AS "adminProfile.totalApprovalsCount", "adminProfile"."total_rejections_count" AS "adminProfile.totalRejectionsCount", "adminProfile"."total_suspensions_count" AS "adminProfile.totalSuspensionsCount", "adminProfile"."total_documents_verified" AS "adminProfile.totalDocumentsVerified", "adminProfile"."employee_id" AS "adminProfile.employeeId", "adminProfile"."notes" AS "adminProfile.notes", "adminProfile"."created_at" AS "adminProfile.createdAt", "adminProfile"."updated_at" AS "adminProfile.updatedAt" FROM "users" AS "User" LEFT OUTER JOIN "admins" AS "adminProfile" ON "User"."id" = "adminProfile"."user_id" WHERE "User"."username" = 'superadmin' AND "User"."user_type" = 'admin';
🗄️  PostgreSQL: Executing (default): UPDATE "users" SET "last_login_at"=$1,"login_count"=$2,"updated_at"=$3 WHERE "id" = $4

🟢🟢🟢🟢🟢🟢🟢🟢🟢🟢🟢🟢🟢🟢🟢🟢🟢🟢🟢🟢🟢🟢🟢🟢🟢🟢🟢🟢🟢🟢🟢🟢🟢🟢🟢🟢🟢🟢🟢🟢🟢🟢🟢🟢🟢🟢🟢🟢🟢🟢🟢🟢🟢🟢🟢🟢🟢🟢🟢🟢🟢🟢🟢🟢🟢🟢🟢🟢🟢🟢🟢🟢🟢🟢🟢🟢🟢🟢🟢🟢
🚀 HTTP REQUEST [2025-10-26T04:07:05.440Z]
📝 POST /api/admin/vendors/63d2b0f9-b5bd-49fd-a85e-ff17a8f65632/verify-gst
📤 Headers: {
  'content-type': 'application/json',
  authorization: 'Bearer ***',
  'user-agent': 'axios/1.12.2...'
}
📦 Body: {}
🔍 Query: [Object: null prototype] {}
📍 Params: {}
🟢🟢🟢🟢🟢🟢🟢🟢🟢🟢🟢🟢🟢🟢🟢🟢🟢🟢🟢🟢🟢🟢🟢🟢🟢🟢🟢🟢🟢🟢🟢🟢🟢🟢🟢🟢🟢🟢🟢🟢🟢🟢🟢🟢🟢🟢🟢🟢🟢🟢🟢🟢🟢🟢🟢🟢🟢🟢🟢🟢🟢🟢🟢🟢🟢🟢🟢🟢🟢🟢🟢🟢🟢🟢🟢🟢🟢🟢🟢🟢

🗄️  PostgreSQL: Executing (default): SELECT "User"."id", "User"."phone", "User"."username", "User"."name", "User"."email", "User"."password_hash" AS "passwordHash", "User"."user_type" AS "userType", "User"."is_active" AS "isActive", "User"."is_verified" AS "isVerified", "User"."email_verified" AS "emailVerified", "User"."phone_verified" AS "phoneVerified", "User"."approval_status" AS "approvalStatus", "User"."approved_by" AS "approvedBy", "User"."approved_at" AS "approvedAt", "User"."rejection_reason" AS "rejectionReason", "User"."is_suspended" AS "isSuspended", "User"."suspended_at" AS "suspendedAt", "User"."suspension_reason" AS "suspensionReason", "User"."suspended_by" AS "suspendedBy", "User"."last_active_at" AS "lastActiveAt", "User"."last_login_at" AS "lastLoginAt", "User"."login_count" AS "loginCount", "User"."deleted_at" AS "deletedAt", "User"."created_at" AS "createdAt", "User"."updated_at" AS "updatedAt", "adminProfile"."id" AS "adminProfile.id", "adminProfile"."user_id" AS "adminProfile.userId", "adminProfile"."admin_level" AS "adminProfile.adminLevel", "adminProfile"."department" AS "adminProfile.department", "adminProfile"."can_approve_vendors" AS "adminProfile.canApproveVendors", "adminProfile"."can_approve_drivers" AS "adminProfile.canApproveDrivers", "adminProfile"."can_suspend_users" AS "adminProfile.canSuspendUsers", "adminProfile"."can_view_financials" AS "adminProfile.canViewFinancials", "adminProfile"."can_manage_admins" AS "adminProfile.canManageAdmins", "adminProfile"."can_manage_loads" AS "adminProfile.canManageLoads", "adminProfile"."can_view_analytics" AS "adminProfile.canViewAnalytics", "adminProfile"."can_verify_documents" AS "adminProfile.canVerifyDocuments", "adminProfile"."total_approvals_count" AS "adminProfile.totalApprovalsCount", "adminProfile"."total_rejections_count" AS "adminProfile.totalRejectionsCount", "adminProfile"."total_suspensions_count" AS "adminProfile.totalSuspensionsCount", "adminProfile"."total_documents_verified" AS "adminProfile.totalDocumentsVerified", "adminProfile"."employee_id" AS "adminProfile.employeeId", "adminProfile"."notes" AS "adminProfile.notes", "adminProfile"."created_at" AS "adminProfile.createdAt", "adminProfile"."updated_at" AS "adminProfile.updatedAt" FROM "users" AS "User" INNER JOIN "admins" AS "adminProfile" ON "User"."id" = "adminProfile"."user_id" WHERE "User"."id" = 'cf6cc833-e552-490c-999d-a696f9045871';
🗄️  PostgreSQL: Executing (default): SELECT "id", "user_id" AS "userId", "business_name" AS "businessName", "business_type" AS "businessType", "year_established" AS "yearEstablished", "industry", "gst_number" AS "gstNumber", "gst_verified" AS "gstVerified", "gst_verified_at" AS "gstVerifiedAt", "gst_verified_by" AS "gstVerifiedBy", "gst_rejection_reason" AS "gstRejectionReason", "business_address" AS "businessAddress", "registered_address" AS "registeredAddress", "city", "state", "postal_code" AS "postalCode", "country", "address_verified" AS "addressVerified", "address_verified_at" AS "addressVerifiedAt", "address_verified_by" AS "addressVerifiedBy", "business_verification_status" AS "businessVerificationStatus", "business_verified_at" AS "businessVerifiedAt", "business_verified_by" AS "businessVerifiedBy", "business_rejection_reason" AS "businessRejectionReason", "rating", "total_orders" AS "totalOrders", "completed_orders" AS "completedOrders", "cancelled_orders" AS "cancelledOrders", "total_spent" AS "totalSpent", "created_at" AS "createdAt", "updated_at" AS "updatedAt" FROM "vendors" AS "Vendor" WHERE "Vendor"."user_id" = '63d2b0f9-b5bd-49fd-a85e-ff17a8f65632';
🗄️  PostgreSQL: Executing (default): UPDATE "vendors" SET "gst_verified_at"=$1,"gst_verified_by"=$2,"business_verified_at"=$3,"business_verified_by"=$4,"updated_at"=$5 WHERE "id" = $6
🗄️  PostgreSQL: Executing (default): INSERT INTO "approval_logs" ("id","admin_id","admin_name","action","target_user_id","previous_status","new_status","reason","created_at") VALUES ($1,$2,$3,$4,$5,$6,$7,$8,$9) RETURNING "id","admin_id","admin_name","admin_level","action","target_user_id","target_user_type","target_user_name","previous_status","new_status","reason","notes","document_id","document_type","load_id","ip_address","user_agent","request_metadata","created_at";
🗄️  PostgreSQL: Executing (default): SELECT "Vendor"."id", "Vendor"."user_id" AS "userId", "Vendor"."business_name" AS "businessName", "Vendor"."business_type" AS "businessType", "Vendor"."year_established" AS "yearEstablished", "Vendor"."industry", "Vendor"."gst_number" AS "gstNumber", "Vendor"."gst_verified" AS "gstVerified", "Vendor"."gst_verified_at" AS "gstVerifiedAt", "Vendor"."gst_verified_by" AS "gstVerifiedBy", "Vendor"."gst_rejection_reason" AS "gstRejectionReason", "Vendor"."business_address" AS "businessAddress", "Vendor"."registered_address" AS "registeredAddress", "Vendor"."city", "Vendor"."state", "Vendor"."postal_code" AS "postalCode", "Vendor"."country", "Vendor"."address_verified" AS "addressVerified", "Vendor"."address_verified_at" AS "addressVerifiedAt", "Vendor"."address_verified_by" AS "addressVerifiedBy", "Vendor"."business_verification_status" AS "businessVerificationStatus", "Vendor"."business_verified_at" AS "businessVerifiedAt", "Vendor"."business_verified_by" AS "businessVerifiedBy", "Vendor"."business_rejection_reason" AS "businessRejectionReason", "Vendor"."rating", "Vendor"."total_orders" AS "totalOrders", "Vendor"."completed_orders" AS "completedOrders", "Vendor"."cancelled_orders" AS "cancelledOrders", "Vendor"."total_spent" AS "totalSpent", "Vendor"."created_at" AS "createdAt", "Vendor"."updated_at" AS "updatedAt", "user"."id" AS "user.id", "user"."name" AS "user.name", "user"."phone" AS "user.phone", "user"."email" AS "user.email" FROM "vendors" AS "Vendor" LEFT OUTER JOIN "users" AS "user" ON "Vendor"."user_id" = "user"."id" WHERE "Vendor"."user_id" = '63d2b0f9-b5bd-49fd-a85e-ff17a8f65632';
✅ Admin cf6cc833-e552-490c-999d-a696f9045871 verified GST for vendor 63d2b0f9-b5bd-49fd-a85e-ff17a8f65632

🟢🟢🟢🟢🟢🟢🟢🟢🟢🟢🟢🟢🟢🟢🟢🟢🟢🟢🟢🟢🟢🟢🟢🟢🟢🟢🟢🟢🟢🟢🟢🟢🟢🟢🟢🟢🟢🟢🟢🟢🟢🟢🟢🟢🟢🟢🟢🟢🟢🟢🟢🟢🟢🟢🟢🟢🟢🟢🟢🟢🟢🟢🟢🟢🟢🟢🟢🟢🟢🟢🟢🟢🟢🟢🟢🟢🟢🟢🟢🟢
🚀 HTTP REQUEST [2025-10-26T04:07:05.477Z]
📝 POST /api/admin/vendors/63d2b0f9-b5bd-49fd-a85e-ff17a8f65632/reject-gst
📤 Headers: {
  'content-type': 'application/json',
  authorization: 'Bearer ***',
  'user-agent': 'axios/1.12.2...'
}
📦 Body: { reason: 'Test rejection - Invalid GST format' }
🔍 Query: [Object: null prototype] {}
📍 Params: {}
🟢🟢🟢🟢🟢🟢🟢🟢🟢🟢🟢🟢🟢🟢🟢🟢🟢🟢🟢🟢🟢🟢🟢🟢🟢🟢🟢🟢🟢🟢🟢🟢🟢🟢🟢🟢🟢🟢🟢🟢🟢🟢🟢🟢🟢🟢🟢🟢🟢🟢🟢🟢🟢🟢🟢🟢🟢🟢🟢🟢🟢🟢🟢🟢🟢🟢🟢🟢🟢🟢🟢🟢🟢🟢🟢🟢🟢🟢🟢🟢

🗄️  PostgreSQL: Executing (default): SELECT "User"."id", "User"."phone", "User"."username", "User"."name", "User"."email", "User"."password_hash" AS "passwordHash", "User"."user_type" AS "userType", "User"."is_active" AS "isActive", "User"."is_verified" AS "isVerified", "User"."email_verified" AS "emailVerified", "User"."phone_verified" AS "phoneVerified", "User"."approval_status" AS "approvalStatus", "User"."approved_by" AS "approvedBy", "User"."approved_at" AS "approvedAt", "User"."rejection_reason" AS "rejectionReason", "User"."is_suspended" AS "isSuspended", "User"."suspended_at" AS "suspendedAt", "User"."suspension_reason" AS "suspensionReason", "User"."suspended_by" AS "suspendedBy", "User"."last_active_at" AS "lastActiveAt", "User"."last_login_at" AS "lastLoginAt", "User"."login_count" AS "loginCount", "User"."deleted_at" AS "deletedAt", "User"."created_at" AS "createdAt", "User"."updated_at" AS "updatedAt", "adminProfile"."id" AS "adminProfile.id", "adminProfile"."user_id" AS "adminProfile.userId", "adminProfile"."admin_level" AS "adminProfile.adminLevel", "adminProfile"."department" AS "adminProfile.department", "adminProfile"."can_approve_vendors" AS "adminProfile.canApproveVendors", "adminProfile"."can_approve_drivers" AS "adminProfile.canApproveDrivers", "adminProfile"."can_suspend_users" AS "adminProfile.canSuspendUsers", "adminProfile"."can_view_financials" AS "adminProfile.canViewFinancials", "adminProfile"."can_manage_admins" AS "adminProfile.canManageAdmins", "adminProfile"."can_manage_loads" AS "adminProfile.canManageLoads", "adminProfile"."can_view_analytics" AS "adminProfile.canViewAnalytics", "adminProfile"."can_verify_documents" AS "adminProfile.canVerifyDocuments", "adminProfile"."total_approvals_count" AS "adminProfile.totalApprovalsCount", "adminProfile"."total_rejections_count" AS "adminProfile.totalRejectionsCount", "adminProfile"."total_suspensions_count" AS "adminProfile.totalSuspensionsCount", "adminProfile"."total_documents_verified" AS "adminProfile.totalDocumentsVerified", "adminProfile"."employee_id" AS "adminProfile.employeeId", "adminProfile"."notes" AS "adminProfile.notes", "adminProfile"."created_at" AS "adminProfile.createdAt", "adminProfile"."updated_at" AS "adminProfile.updatedAt" FROM "users" AS "User" INNER JOIN "admins" AS "adminProfile" ON "User"."id" = "adminProfile"."user_id" WHERE "User"."id" = 'cf6cc833-e552-490c-999d-a696f9045871';
🗄️  PostgreSQL: Executing (default): SELECT "id", "user_id" AS "userId", "business_name" AS "businessName", "business_type" AS "businessType", "year_established" AS "yearEstablished", "industry", "gst_number" AS "gstNumber", "gst_verified" AS "gstVerified", "gst_verified_at" AS "gstVerifiedAt", "gst_verified_by" AS "gstVerifiedBy", "gst_rejection_reason" AS "gstRejectionReason", "business_address" AS "businessAddress", "registered_address" AS "registeredAddress", "city", "state", "postal_code" AS "postalCode", "country", "address_verified" AS "addressVerified", "address_verified_at" AS "addressVerifiedAt", "address_verified_by" AS "addressVerifiedBy", "business_verification_status" AS "businessVerificationStatus", "business_verified_at" AS "businessVerifiedAt", "business_verified_by" AS "businessVerifiedBy", "business_rejection_reason" AS "businessRejectionReason", "rating", "total_orders" AS "totalOrders", "completed_orders" AS "completedOrders", "cancelled_orders" AS "cancelledOrders", "total_spent" AS "totalSpent", "created_at" AS "createdAt", "updated_at" AS "updatedAt" FROM "vendors" AS "Vendor" WHERE "Vendor"."user_id" = '63d2b0f9-b5bd-49fd-a85e-ff17a8f65632';
🗄️  PostgreSQL: Executing (default): UPDATE "vendors" SET "gst_verified"=$1,"gst_verified_at"=$2,"gst_verified_by"=$3,"business_verification_status"=$4,"gst_rejection_reason"=$5,"updated_at"=$6 WHERE "id" = $7
🗄️  PostgreSQL: Executing (default): INSERT INTO "approval_logs" ("id","admin_id","admin_name","action","target_user_id","previous_status","new_status","reason","created_at") VALUES ($1,$2,$3,$4,$5,$6,$7,$8,$9) RETURNING "id","admin_id","admin_name","admin_level","action","target_user_id","target_user_type","target_user_name","previous_status","new_status","reason","notes","document_id","document_type","load_id","ip_address","user_agent","request_metadata","created_at";
❌ Admin cf6cc833-e552-490c-999d-a696f9045871 rejected GST for vendor 63d2b0f9-b5bd-49fd-a85e-ff17a8f65632: Test rejection - Invalid GST format

🟢🟢🟢🟢🟢🟢🟢🟢🟢🟢🟢🟢🟢🟢🟢🟢🟢🟢🟢🟢🟢🟢🟢🟢🟢🟢🟢🟢🟢🟢🟢🟢🟢🟢🟢🟢🟢🟢🟢🟢🟢🟢🟢🟢🟢🟢🟢🟢🟢🟢🟢🟢🟢🟢🟢🟢🟢🟢🟢🟢🟢🟢🟢🟢🟢🟢🟢🟢🟢🟢🟢🟢🟢🟢🟢🟢🟢🟢🟢🟢
🚀 HTTP REQUEST [2025-10-26T04:07:05.486Z]
📝 POST /api/admin/drivers/fe39c1b6-c4cd-4a4f-a609-4c8b09cbba42/verify-license
📤 Headers: {
  'content-type': 'application/json',
  authorization: 'Bearer ***',
  'user-agent': 'axios/1.12.2...'
}
📦 Body: {}
🔍 Query: [Object: null prototype] {}
📍 Params: {}
🟢🟢🟢🟢🟢🟢🟢🟢🟢🟢🟢🟢🟢🟢🟢🟢🟢🟢🟢🟢🟢🟢🟢🟢🟢🟢🟢🟢🟢🟢🟢🟢🟢🟢🟢🟢🟢🟢🟢🟢🟢🟢🟢🟢🟢🟢🟢🟢🟢🟢🟢🟢🟢🟢🟢🟢🟢🟢🟢🟢🟢🟢🟢🟢🟢🟢🟢🟢🟢🟢🟢🟢🟢🟢🟢🟢🟢🟢🟢🟢

🗄️  PostgreSQL: Executing (default): SELECT "User"."id", "User"."phone", "User"."username", "User"."name", "User"."email", "User"."password_hash" AS "passwordHash", "User"."user_type" AS "userType", "User"."is_active" AS "isActive", "User"."is_verified" AS "isVerified", "User"."email_verified" AS "emailVerified", "User"."phone_verified" AS "phoneVerified", "User"."approval_status" AS "approvalStatus", "User"."approved_by" AS "approvedBy", "User"."approved_at" AS "approvedAt", "User"."rejection_reason" AS "rejectionReason", "User"."is_suspended" AS "isSuspended", "User"."suspended_at" AS "suspendedAt", "User"."suspension_reason" AS "suspensionReason", "User"."suspended_by" AS "suspendedBy", "User"."last_active_at" AS "lastActiveAt", "User"."last_login_at" AS "lastLoginAt", "User"."login_count" AS "loginCount", "User"."deleted_at" AS "deletedAt", "User"."created_at" AS "createdAt", "User"."updated_at" AS "updatedAt", "adminProfile"."id" AS "adminProfile.id", "adminProfile"."user_id" AS "adminProfile.userId", "adminProfile"."admin_level" AS "adminProfile.adminLevel", "adminProfile"."department" AS "adminProfile.department", "adminProfile"."can_approve_vendors" AS "adminProfile.canApproveVendors", "adminProfile"."can_approve_drivers" AS "adminProfile.canApproveDrivers", "adminProfile"."can_suspend_users" AS "adminProfile.canSuspendUsers", "adminProfile"."can_view_financials" AS "adminProfile.canViewFinancials", "adminProfile"."can_manage_admins" AS "adminProfile.canManageAdmins", "adminProfile"."can_manage_loads" AS "adminProfile.canManageLoads", "adminProfile"."can_view_analytics" AS "adminProfile.canViewAnalytics", "adminProfile"."can_verify_documents" AS "adminProfile.canVerifyDocuments", "adminProfile"."total_approvals_count" AS "adminProfile.totalApprovalsCount", "adminProfile"."total_rejections_count" AS "adminProfile.totalRejectionsCount", "adminProfile"."total_suspensions_count" AS "adminProfile.totalSuspensionsCount", "adminProfile"."total_documents_verified" AS "adminProfile.totalDocumentsVerified", "adminProfile"."employee_id" AS "adminProfile.employeeId", "adminProfile"."notes" AS "adminProfile.notes", "adminProfile"."created_at" AS "adminProfile.createdAt", "adminProfile"."updated_at" AS "adminProfile.updatedAt" FROM "users" AS "User" INNER JOIN "admins" AS "adminProfile" ON "User"."id" = "adminProfile"."user_id" WHERE "User"."id" = 'cf6cc833-e552-490c-999d-a696f9045871';
🗄️  PostgreSQL: Executing (default): SELECT "id", "user_id" AS "userId", "license_number" AS "licenseNumber", "license_expiry_date" AS "licenseExpiryDate", "license_verification_status" AS "licenseVerificationStatus", "license_verified_at" AS "licenseVerifiedAt", "license_verified_by" AS "licenseVerifiedBy", "license_rejection_reason" AS "licenseRejectionReason", "vehicle_type" AS "vehicleType", "vehicle_capacity" AS "vehicleCapacity", "vehicle_number" AS "vehicleNumber", "vehicle_make" AS "vehicleMake", "vehicle_model" AS "vehicleModel", "vehicle_year" AS "vehicleYear", "vehicle_color" AS "vehicleColor", "vehicle_verification_status" AS "vehicleVerificationStatus", "vehicle_verified_at" AS "vehicleVerifiedAt", "vehicle_verified_by" AS "vehicleVerifiedBy", "vehicle_rejection_reason" AS "vehicleRejectionReason", "insurance_number" AS "insuranceNumber", "insurance_expiry_date" AS "insuranceExpiryDate", "insurance_provider" AS "insuranceProvider", "is_available" AS "isAvailable", "current_location_lat" AS "currentLocationLat", "current_location_lng" AS "currentLocationLng", "current_location_address" AS "currentLocationAddress", "last_location_update" AS "lastLocationUpdate", "rating", "total_trips" AS "totalTrips", "completed_trips" AS "completedTrips", "cancelled_trips" AS "cancelledTrips", "total_earnings" AS "totalEarnings", "on_time_percentage" AS "onTimePercentage", "background_check_status" AS "backgroundCheckStatus", "background_check_date" AS "backgroundCheckDate", "background_check_notes" AS "backgroundCheckNotes", "created_at" AS "createdAt", "updated_at" AS "updatedAt" FROM "drivers" AS "Driver" WHERE "Driver"."user_id" = 'fe39c1b6-c4cd-4a4f-a609-4c8b09cbba42';
🗄️  PostgreSQL: Executing (default): UPDATE "drivers" SET "license_verified_at"=$1,"license_verified_by"=$2,"updated_at"=$3 WHERE "id" = $4
🗄️  PostgreSQL: Executing (default): INSERT INTO "approval_logs" ("id","admin_id","admin_name","action","target_user_id","previous_status","new_status","reason","created_at") VALUES ($1,$2,$3,$4,$5,$6,$7,$8,$9) RETURNING "id","admin_id","admin_name","admin_level","action","target_user_id","target_user_type","target_user_name","previous_status","new_status","reason","notes","document_id","document_type","load_id","ip_address","user_agent","request_metadata","created_at";
🗄️  PostgreSQL: Executing (default): SELECT "Driver"."id", "Driver"."user_id" AS "userId", "Driver"."license_number" AS "licenseNumber", "Driver"."license_expiry_date" AS "licenseExpiryDate", "Driver"."license_verification_status" AS "licenseVerificationStatus", "Driver"."license_verified_at" AS "licenseVerifiedAt", "Driver"."license_verified_by" AS "licenseVerifiedBy", "Driver"."license_rejection_reason" AS "licenseRejectionReason", "Driver"."vehicle_type" AS "vehicleType", "Driver"."vehicle_capacity" AS "vehicleCapacity", "Driver"."vehicle_number" AS "vehicleNumber", "Driver"."vehicle_make" AS "vehicleMake", "Driver"."vehicle_model" AS "vehicleModel", "Driver"."vehicle_year" AS "vehicleYear", "Driver"."vehicle_color" AS "vehicleColor", "Driver"."vehicle_verification_status" AS "vehicleVerificationStatus", "Driver"."vehicle_verified_at" AS "vehicleVerifiedAt", "Driver"."vehicle_verified_by" AS "vehicleVerifiedBy", "Driver"."vehicle_rejection_reason" AS "vehicleRejectionReason", "Driver"."insurance_number" AS "insuranceNumber", "Driver"."insurance_expiry_date" AS "insuranceExpiryDate", "Driver"."insurance_provider" AS "insuranceProvider", "Driver"."is_available" AS "isAvailable", "Driver"."current_location_lat" AS "currentLocationLat", "Driver"."current_location_lng" AS "currentLocationLng", "Driver"."current_location_address" AS "currentLocationAddress", "Driver"."last_location_update" AS "lastLocationUpdate", "Driver"."rating", "Driver"."total_trips" AS "totalTrips", "Driver"."completed_trips" AS "completedTrips", "Driver"."cancelled_trips" AS "cancelledTrips", "Driver"."total_earnings" AS "totalEarnings", "Driver"."on_time_percentage" AS "onTimePercentage", "Driver"."background_check_status" AS "backgroundCheckStatus", "Driver"."background_check_date" AS "backgroundCheckDate", "Driver"."background_check_notes" AS "backgroundCheckNotes", "Driver"."created_at" AS "createdAt", "Driver"."updated_at" AS "updatedAt", "user"."id" AS "user.id", "user"."name" AS "user.name", "user"."phone" AS "user.phone", "user"."email" AS "user.email" FROM "drivers" AS "Driver" LEFT OUTER JOIN "users" AS "user" ON "Driver"."user_id" = "user"."id" WHERE "Driver"."user_id" = 'fe39c1b6-c4cd-4a4f-a609-4c8b09cbba42';
✅ Admin cf6cc833-e552-490c-999d-a696f9045871 verified license for driver fe39c1b6-c4cd-4a4f-a609-4c8b09cbba42

🟢🟢🟢🟢🟢🟢🟢🟢🟢🟢🟢🟢🟢🟢🟢🟢🟢🟢🟢🟢🟢🟢🟢🟢🟢🟢🟢🟢🟢🟢🟢🟢🟢🟢🟢🟢🟢🟢🟢🟢🟢🟢🟢🟢🟢🟢🟢🟢🟢🟢🟢🟢🟢🟢🟢🟢🟢🟢🟢🟢🟢🟢🟢🟢🟢🟢🟢🟢🟢🟢🟢🟢🟢🟢🟢🟢🟢🟢🟢🟢
🚀 HTTP REQUEST [2025-10-26T04:07:05.499Z]
📝 POST /api/admin/drivers/fe39c1b6-c4cd-4a4f-a609-4c8b09cbba42/reject-license
📤 Headers: {
  'content-type': 'application/json',
  authorization: 'Bearer ***',
  'user-agent': 'axios/1.12.2...'
}
📦 Body: { reason: 'Test rejection - License expired' }
🔍 Query: [Object: null prototype] {}
📍 Params: {}
🟢🟢🟢🟢🟢🟢🟢🟢🟢🟢🟢🟢🟢🟢🟢🟢🟢🟢🟢🟢🟢🟢🟢🟢🟢🟢🟢🟢🟢🟢🟢🟢🟢🟢🟢🟢🟢🟢🟢🟢🟢🟢🟢🟢🟢🟢🟢🟢🟢🟢🟢🟢🟢🟢🟢🟢🟢🟢🟢🟢🟢🟢🟢🟢🟢🟢🟢🟢🟢🟢🟢🟢🟢🟢🟢🟢🟢🟢🟢🟢

🗄️  PostgreSQL: Executing (default): SELECT "User"."id", "User"."phone", "User"."username", "User"."name", "User"."email", "User"."password_hash" AS "passwordHash", "User"."user_type" AS "userType", "User"."is_active" AS "isActive", "User"."is_verified" AS "isVerified", "User"."email_verified" AS "emailVerified", "User"."phone_verified" AS "phoneVerified", "User"."approval_status" AS "approvalStatus", "User"."approved_by" AS "approvedBy", "User"."approved_at" AS "approvedAt", "User"."rejection_reason" AS "rejectionReason", "User"."is_suspended" AS "isSuspended", "User"."suspended_at" AS "suspendedAt", "User"."suspension_reason" AS "suspensionReason", "User"."suspended_by" AS "suspendedBy", "User"."last_active_at" AS "lastActiveAt", "User"."last_login_at" AS "lastLoginAt", "User"."login_count" AS "loginCount", "User"."deleted_at" AS "deletedAt", "User"."created_at" AS "createdAt", "User"."updated_at" AS "updatedAt", "adminProfile"."id" AS "adminProfile.id", "adminProfile"."user_id" AS "adminProfile.userId", "adminProfile"."admin_level" AS "adminProfile.adminLevel", "adminProfile"."department" AS "adminProfile.department", "adminProfile"."can_approve_vendors" AS "adminProfile.canApproveVendors", "adminProfile"."can_approve_drivers" AS "adminProfile.canApproveDrivers", "adminProfile"."can_suspend_users" AS "adminProfile.canSuspendUsers", "adminProfile"."can_view_financials" AS "adminProfile.canViewFinancials", "adminProfile"."can_manage_admins" AS "adminProfile.canManageAdmins", "adminProfile"."can_manage_loads" AS "adminProfile.canManageLoads", "adminProfile"."can_view_analytics" AS "adminProfile.canViewAnalytics", "adminProfile"."can_verify_documents" AS "adminProfile.canVerifyDocuments", "adminProfile"."total_approvals_count" AS "adminProfile.totalApprovalsCount", "adminProfile"."total_rejections_count" AS "adminProfile.totalRejectionsCount", "adminProfile"."total_suspensions_count" AS "adminProfile.totalSuspensionsCount", "adminProfile"."total_documents_verified" AS "adminProfile.totalDocumentsVerified", "adminProfile"."employee_id" AS "adminProfile.employeeId", "adminProfile"."notes" AS "adminProfile.notes", "adminProfile"."created_at" AS "adminProfile.createdAt", "adminProfile"."updated_at" AS "adminProfile.updatedAt" FROM "users" AS "User" INNER JOIN "admins" AS "adminProfile" ON "User"."id" = "adminProfile"."user_id" WHERE "User"."id" = 'cf6cc833-e552-490c-999d-a696f9045871';
🗄️  PostgreSQL: Executing (default): SELECT "id", "user_id" AS "userId", "license_number" AS "licenseNumber", "license_expiry_date" AS "licenseExpiryDate", "license_verification_status" AS "licenseVerificationStatus", "license_verified_at" AS "licenseVerifiedAt", "license_verified_by" AS "licenseVerifiedBy", "license_rejection_reason" AS "licenseRejectionReason", "vehicle_type" AS "vehicleType", "vehicle_capacity" AS "vehicleCapacity", "vehicle_number" AS "vehicleNumber", "vehicle_make" AS "vehicleMake", "vehicle_model" AS "vehicleModel", "vehicle_year" AS "vehicleYear", "vehicle_color" AS "vehicleColor", "vehicle_verification_status" AS "vehicleVerificationStatus", "vehicle_verified_at" AS "vehicleVerifiedAt", "vehicle_verified_by" AS "vehicleVerifiedBy", "vehicle_rejection_reason" AS "vehicleRejectionReason", "insurance_number" AS "insuranceNumber", "insurance_expiry_date" AS "insuranceExpiryDate", "insurance_provider" AS "insuranceProvider", "is_available" AS "isAvailable", "current_location_lat" AS "currentLocationLat", "current_location_lng" AS "currentLocationLng", "current_location_address" AS "currentLocationAddress", "last_location_update" AS "lastLocationUpdate", "rating", "total_trips" AS "totalTrips", "completed_trips" AS "completedTrips", "cancelled_trips" AS "cancelledTrips", "total_earnings" AS "totalEarnings", "on_time_percentage" AS "onTimePercentage", "background_check_status" AS "backgroundCheckStatus", "background_check_date" AS "backgroundCheckDate", "background_check_notes" AS "backgroundCheckNotes", "created_at" AS "createdAt", "updated_at" AS "updatedAt" FROM "drivers" AS "Driver" WHERE "Driver"."user_id" = 'fe39c1b6-c4cd-4a4f-a609-4c8b09cbba42';
🗄️  PostgreSQL: Executing (default): UPDATE "drivers" SET "license_verification_status"=$1,"license_verified_at"=$2,"license_verified_by"=$3,"license_rejection_reason"=$4,"updated_at"=$5 WHERE "id" = $6
🗄️  PostgreSQL: Executing (default): INSERT INTO "approval_logs" ("id","admin_id","admin_name","action","target_user_id","previous_status","new_status","reason","created_at") VALUES ($1,$2,$3,$4,$5,$6,$7,$8,$9) RETURNING "id","admin_id","admin_name","admin_level","action","target_user_id","target_user_type","target_user_name","previous_status","new_status","reason","notes","document_id","document_type","load_id","ip_address","user_agent","request_metadata","created_at";
❌ Admin cf6cc833-e552-490c-999d-a696f9045871 rejected license for driver fe39c1b6-c4cd-4a4f-a609-4c8b09cbba42: Test rejection - License expired

🟢🟢🟢🟢🟢🟢🟢🟢🟢🟢🟢🟢🟢🟢🟢🟢🟢🟢🟢🟢🟢🟢🟢🟢🟢🟢🟢🟢🟢🟢🟢🟢🟢🟢🟢🟢🟢🟢🟢🟢🟢🟢🟢🟢🟢🟢🟢🟢🟢🟢🟢🟢🟢🟢🟢🟢🟢🟢🟢🟢🟢🟢🟢🟢🟢🟢🟢🟢🟢🟢🟢🟢🟢🟢🟢🟢🟢🟢🟢🟢
🚀 HTTP REQUEST [2025-10-26T04:07:05.506Z]
📝 POST /api/admin/vendors/63d2b0f9-b5bd-49fd-a85e-ff17a8f65632/verify-gst
📤 Headers: {
  'content-type': 'application/json',
  authorization: 'Bearer ***',
  'user-agent': 'axios/1.12.2...'
}
📦 Body: {}
🔍 Query: [Object: null prototype] {}
📍 Params: {}
🟢🟢🟢🟢🟢🟢🟢🟢🟢🟢🟢🟢🟢🟢🟢🟢🟢🟢🟢🟢🟢🟢🟢🟢🟢🟢🟢🟢🟢🟢🟢🟢🟢🟢🟢🟢🟢🟢🟢🟢🟢🟢🟢🟢🟢🟢🟢🟢🟢🟢🟢🟢🟢🟢🟢🟢🟢🟢🟢🟢🟢🟢🟢🟢🟢🟢🟢🟢🟢🟢🟢🟢🟢🟢🟢🟢🟢🟢🟢🟢

🗄️  PostgreSQL: Executing (default): SELECT "User"."id", "User"."phone", "User"."username", "User"."name", "User"."email", "User"."password_hash" AS "passwordHash", "User"."user_type" AS "userType", "User"."is_active" AS "isActive", "User"."is_verified" AS "isVerified", "User"."email_verified" AS "emailVerified", "User"."phone_verified" AS "phoneVerified", "User"."approval_status" AS "approvalStatus", "User"."approved_by" AS "approvedBy", "User"."approved_at" AS "approvedAt", "User"."rejection_reason" AS "rejectionReason", "User"."is_suspended" AS "isSuspended", "User"."suspended_at" AS "suspendedAt", "User"."suspension_reason" AS "suspensionReason", "User"."suspended_by" AS "suspendedBy", "User"."last_active_at" AS "lastActiveAt", "User"."last_login_at" AS "lastLoginAt", "User"."login_count" AS "loginCount", "User"."deleted_at" AS "deletedAt", "User"."created_at" AS "createdAt", "User"."updated_at" AS "updatedAt", "adminProfile"."id" AS "adminProfile.id", "adminProfile"."user_id" AS "adminProfile.userId", "adminProfile"."admin_level" AS "adminProfile.adminLevel", "adminProfile"."department" AS "adminProfile.department", "adminProfile"."can_approve_vendors" AS "adminProfile.canApproveVendors", "adminProfile"."can_approve_drivers" AS "adminProfile.canApproveDrivers", "adminProfile"."can_suspend_users" AS "adminProfile.canSuspendUsers", "adminProfile"."can_view_financials" AS "adminProfile.canViewFinancials", "adminProfile"."can_manage_admins" AS "adminProfile.canManageAdmins", "adminProfile"."can_manage_loads" AS "adminProfile.canManageLoads", "adminProfile"."can_view_analytics" AS "adminProfile.canViewAnalytics", "adminProfile"."can_verify_documents" AS "adminProfile.canVerifyDocuments", "adminProfile"."total_approvals_count" AS "adminProfile.totalApprovalsCount", "adminProfile"."total_rejections_count" AS "adminProfile.totalRejectionsCount", "adminProfile"."total_suspensions_count" AS "adminProfile.totalSuspensionsCount", "adminProfile"."total_documents_verified" AS "adminProfile.totalDocumentsVerified", "adminProfile"."employee_id" AS "adminProfile.employeeId", "adminProfile"."notes" AS "adminProfile.notes", "adminProfile"."created_at" AS "adminProfile.createdAt", "adminProfile"."updated_at" AS "adminProfile.updatedAt" FROM "users" AS "User" INNER JOIN "admins" AS "adminProfile" ON "User"."id" = "adminProfile"."user_id" WHERE "User"."id" = 'cf6cc833-e552-490c-999d-a696f9045871';
🗄️  PostgreSQL: Executing (default): SELECT "id", "user_id" AS "userId", "business_name" AS "businessName", "business_type" AS "businessType", "year_established" AS "yearEstablished", "industry", "gst_number" AS "gstNumber", "gst_verified" AS "gstVerified", "gst_verified_at" AS "gstVerifiedAt", "gst_verified_by" AS "gstVerifiedBy", "gst_rejection_reason" AS "gstRejectionReason", "business_address" AS "businessAddress", "registered_address" AS "registeredAddress", "city", "state", "postal_code" AS "postalCode", "country", "address_verified" AS "addressVerified", "address_verified_at" AS "addressVerifiedAt", "address_verified_by" AS "addressVerifiedBy", "business_verification_status" AS "businessVerificationStatus", "business_verified_at" AS "businessVerifiedAt", "business_verified_by" AS "businessVerifiedBy", "business_rejection_reason" AS "businessRejectionReason", "rating", "total_orders" AS "totalOrders", "completed_orders" AS "completedOrders", "cancelled_orders" AS "cancelledOrders", "total_spent" AS "totalSpent", "created_at" AS "createdAt", "updated_at" AS "updatedAt" FROM "vendors" AS "Vendor" WHERE "Vendor"."user_id" = '63d2b0f9-b5bd-49fd-a85e-ff17a8f65632';
🗄️  PostgreSQL: Executing (default): UPDATE "vendors" SET "gst_verified"=$1,"gst_verified_at"=$2,"gst_verified_by"=$3,"business_verification_status"=$4,"business_verified_at"=$5,"gst_rejection_reason"=$6,"updated_at"=$7 WHERE "id" = $8
🗄️  PostgreSQL: Executing (default): INSERT INTO "approval_logs" ("id","admin_id","admin_name","action","target_user_id","previous_status","new_status","reason","created_at") VALUES ($1,$2,$3,$4,$5,$6,$7,$8,$9) RETURNING "id","admin_id","admin_name","admin_level","action","target_user_id","target_user_type","target_user_name","previous_status","new_status","reason","notes","document_id","document_type","load_id","ip_address","user_agent","request_metadata","created_at";
🗄️  PostgreSQL: Executing (default): SELECT "Vendor"."id", "Vendor"."user_id" AS "userId", "Vendor"."business_name" AS "businessName", "Vendor"."business_type" AS "businessType", "Vendor"."year_established" AS "yearEstablished", "Vendor"."industry", "Vendor"."gst_number" AS "gstNumber", "Vendor"."gst_verified" AS "gstVerified", "Vendor"."gst_verified_at" AS "gstVerifiedAt", "Vendor"."gst_verified_by" AS "gstVerifiedBy", "Vendor"."gst_rejection_reason" AS "gstRejectionReason", "Vendor"."business_address" AS "businessAddress", "Vendor"."registered_address" AS "registeredAddress", "Vendor"."city", "Vendor"."state", "Vendor"."postal_code" AS "postalCode", "Vendor"."country", "Vendor"."address_verified" AS "addressVerified", "Vendor"."address_verified_at" AS "addressVerifiedAt", "Vendor"."address_verified_by" AS "addressVerifiedBy", "Vendor"."business_verification_status" AS "businessVerificationStatus", "Vendor"."business_verified_at" AS "businessVerifiedAt", "Vendor"."business_verified_by" AS "businessVerifiedBy", "Vendor"."business_rejection_reason" AS "businessRejectionReason", "Vendor"."rating", "Vendor"."total_orders" AS "totalOrders", "Vendor"."completed_orders" AS "completedOrders", "Vendor"."cancelled_orders" AS "cancelledOrders", "Vendor"."total_spent" AS "totalSpent", "Vendor"."created_at" AS "createdAt", "Vendor"."updated_at" AS "updatedAt", "user"."id" AS "user.id", "user"."name" AS "user.name", "user"."phone" AS "user.phone", "user"."email" AS "user.email" FROM "vendors" AS "Vendor" LEFT OUTER JOIN "users" AS "user" ON "Vendor"."user_id" = "user"."id" WHERE "Vendor"."user_id" = '63d2b0f9-b5bd-49fd-a85e-ff17a8f65632';
✅ Admin cf6cc833-e552-490c-999d-a696f9045871 verified GST for vendor 63d2b0f9-b5bd-49fd-a85e-ff17a8f65632

🟢🟢🟢🟢🟢🟢🟢🟢🟢🟢🟢🟢🟢🟢🟢🟢🟢🟢🟢🟢🟢🟢🟢🟢🟢🟢🟢🟢🟢🟢🟢🟢🟢🟢🟢🟢🟢🟢🟢🟢🟢🟢🟢🟢🟢🟢🟢🟢🟢🟢🟢🟢🟢🟢🟢🟢🟢🟢🟢🟢🟢🟢🟢🟢🟢🟢🟢🟢🟢🟢🟢🟢🟢🟢🟢🟢🟢🟢🟢🟢
🚀 HTTP REQUEST [2025-10-26T04:07:05.513Z]
📝 POST /api/admin/drivers/fe39c1b6-c4cd-4a4f-a609-4c8b09cbba42/verify-license
📤 Headers: {
  'content-type': 'application/json',
  authorization: 'Bearer ***',
  'user-agent': 'axios/1.12.2...'
}
📦 Body: {}
🔍 Query: [Object: null prototype] {}
📍 Params: {}
🟢🟢🟢🟢🟢🟢🟢🟢🟢🟢🟢🟢🟢🟢🟢🟢🟢🟢🟢🟢🟢🟢🟢🟢🟢🟢🟢🟢🟢🟢🟢🟢🟢🟢🟢🟢🟢🟢🟢🟢🟢🟢🟢🟢🟢🟢🟢🟢🟢🟢🟢🟢🟢🟢🟢🟢🟢🟢🟢🟢🟢🟢🟢🟢🟢🟢🟢🟢🟢🟢🟢🟢🟢🟢🟢🟢🟢🟢🟢🟢

🗄️  PostgreSQL: Executing (default): SELECT "User"."id", "User"."phone", "User"."username", "User"."name", "User"."email", "User"."password_hash" AS "passwordHash", "User"."user_type" AS "userType", "User"."is_active" AS "isActive", "User"."is_verified" AS "isVerified", "User"."email_verified" AS "emailVerified", "User"."phone_verified" AS "phoneVerified", "User"."approval_status" AS "approvalStatus", "User"."approved_by" AS "approvedBy", "User"."approved_at" AS "approvedAt", "User"."rejection_reason" AS "rejectionReason", "User"."is_suspended" AS "isSuspended", "User"."suspended_at" AS "suspendedAt", "User"."suspension_reason" AS "suspensionReason", "User"."suspended_by" AS "suspendedBy", "User"."last_active_at" AS "lastActiveAt", "User"."last_login_at" AS "lastLoginAt", "User"."login_count" AS "loginCount", "User"."deleted_at" AS "deletedAt", "User"."created_at" AS "createdAt", "User"."updated_at" AS "updatedAt", "adminProfile"."id" AS "adminProfile.id", "adminProfile"."user_id" AS "adminProfile.userId", "adminProfile"."admin_level" AS "adminProfile.adminLevel", "adminProfile"."department" AS "adminProfile.department", "adminProfile"."can_approve_vendors" AS "adminProfile.canApproveVendors", "adminProfile"."can_approve_drivers" AS "adminProfile.canApproveDrivers", "adminProfile"."can_suspend_users" AS "adminProfile.canSuspendUsers", "adminProfile"."can_view_financials" AS "adminProfile.canViewFinancials", "adminProfile"."can_manage_admins" AS "adminProfile.canManageAdmins", "adminProfile"."can_manage_loads" AS "adminProfile.canManageLoads", "adminProfile"."can_view_analytics" AS "adminProfile.canViewAnalytics", "adminProfile"."can_verify_documents" AS "adminProfile.canVerifyDocuments", "adminProfile"."total_approvals_count" AS "adminProfile.totalApprovalsCount", "adminProfile"."total_rejections_count" AS "adminProfile.totalRejectionsCount", "adminProfile"."total_suspensions_count" AS "adminProfile.totalSuspensionsCount", "adminProfile"."total_documents_verified" AS "adminProfile.totalDocumentsVerified", "adminProfile"."employee_id" AS "adminProfile.employeeId", "adminProfile"."notes" AS "adminProfile.notes", "adminProfile"."created_at" AS "adminProfile.createdAt", "adminProfile"."updated_at" AS "adminProfile.updatedAt" FROM "users" AS "User" INNER JOIN "admins" AS "adminProfile" ON "User"."id" = "adminProfile"."user_id" WHERE "User"."id" = 'cf6cc833-e552-490c-999d-a696f9045871';
🗄️  PostgreSQL: Executing (default): SELECT "id", "user_id" AS "userId", "license_number" AS "licenseNumber", "license_expiry_date" AS "licenseExpiryDate", "license_verification_status" AS "licenseVerificationStatus", "license_verified_at" AS "licenseVerifiedAt", "license_verified_by" AS "licenseVerifiedBy", "license_rejection_reason" AS "licenseRejectionReason", "vehicle_type" AS "vehicleType", "vehicle_capacity" AS "vehicleCapacity", "vehicle_number" AS "vehicleNumber", "vehicle_make" AS "vehicleMake", "vehicle_model" AS "vehicleModel", "vehicle_year" AS "vehicleYear", "vehicle_color" AS "vehicleColor", "vehicle_verification_status" AS "vehicleVerificationStatus", "vehicle_verified_at" AS "vehicleVerifiedAt", "vehicle_verified_by" AS "vehicleVerifiedBy", "vehicle_rejection_reason" AS "vehicleRejectionReason", "insurance_number" AS "insuranceNumber", "insurance_expiry_date" AS "insuranceExpiryDate", "insurance_provider" AS "insuranceProvider", "is_available" AS "isAvailable", "current_location_lat" AS "currentLocationLat", "current_location_lng" AS "currentLocationLng", "current_location_address" AS "currentLocationAddress", "last_location_update" AS "lastLocationUpdate", "rating", "total_trips" AS "totalTrips", "completed_trips" AS "completedTrips", "cancelled_trips" AS "cancelledTrips", "total_earnings" AS "totalEarnings", "on_time_percentage" AS "onTimePercentage", "background_check_status" AS "backgroundCheckStatus", "background_check_date" AS "backgroundCheckDate", "background_check_notes" AS "backgroundCheckNotes", "created_at" AS "createdAt", "updated_at" AS "updatedAt" FROM "drivers" AS "Driver" WHERE "Driver"."user_id" = 'fe39c1b6-c4cd-4a4f-a609-4c8b09cbba42';
🗄️  PostgreSQL: Executing (default): UPDATE "drivers" SET "license_verification_status"=$1,"license_verified_at"=$2,"license_verified_by"=$3,"license_rejection_reason"=$4,"updated_at"=$5 WHERE "id" = $6
🗄️  PostgreSQL: Executing (default): INSERT INTO "approval_logs" ("id","admin_id","admin_name","action","target_user_id","previous_status","new_status","reason","created_at") VALUES ($1,$2,$3,$4,$5,$6,$7,$8,$9) RETURNING "id","admin_id","admin_name","admin_level","action","target_user_id","target_user_type","target_user_name","previous_status","new_status","reason","notes","document_id","document_type","load_id","ip_address","user_agent","request_metadata","created_at";
🗄️  PostgreSQL: Executing (default): SELECT "Driver"."id", "Driver"."user_id" AS "userId", "Driver"."license_number" AS "licenseNumber", "Driver"."license_expiry_date" AS "licenseExpiryDate", "Driver"."license_verification_status" AS "licenseVerificationStatus", "Driver"."license_verified_at" AS "licenseVerifiedAt", "Driver"."license_verified_by" AS "licenseVerifiedBy", "Driver"."license_rejection_reason" AS "licenseRejectionReason", "Driver"."vehicle_type" AS "vehicleType", "Driver"."vehicle_capacity" AS "vehicleCapacity", "Driver"."vehicle_number" AS "vehicleNumber", "Driver"."vehicle_make" AS "vehicleMake", "Driver"."vehicle_model" AS "vehicleModel", "Driver"."vehicle_year" AS "vehicleYear", "Driver"."vehicle_color" AS "vehicleColor", "Driver"."vehicle_verification_status" AS "vehicleVerificationStatus", "Driver"."vehicle_verified_at" AS "vehicleVerifiedAt", "Driver"."vehicle_verified_by" AS "vehicleVerifiedBy", "Driver"."vehicle_rejection_reason" AS "vehicleRejectionReason", "Driver"."insurance_number" AS "insuranceNumber", "Driver"."insurance_expiry_date" AS "insuranceExpiryDate", "Driver"."insurance_provider" AS "insuranceProvider", "Driver"."is_available" AS "isAvailable", "Driver"."current_location_lat" AS "currentLocationLat", "Driver"."current_location_lng" AS "currentLocationLng", "Driver"."current_location_address" AS "currentLocationAddress", "Driver"."last_location_update" AS "lastLocationUpdate", "Driver"."rating", "Driver"."total_trips" AS "totalTrips", "Driver"."completed_trips" AS "completedTrips", "Driver"."cancelled_trips" AS "cancelledTrips", "Driver"."total_earnings" AS "totalEarnings", "Driver"."on_time_percentage" AS "onTimePercentage", "Driver"."background_check_status" AS "backgroundCheckStatus", "Driver"."background_check_date" AS "backgroundCheckDate", "Driver"."background_check_notes" AS "backgroundCheckNotes", "Driver"."created_at" AS "createdAt", "Driver"."updated_at" AS "updatedAt", "user"."id" AS "user.id", "user"."name" AS "user.name", "user"."phone" AS "user.phone", "user"."email" AS "user.email" FROM "drivers" AS "Driver" LEFT OUTER JOIN "users" AS "user" ON "Driver"."user_id" = "user"."id" WHERE "Driver"."user_id" = 'fe39c1b6-c4cd-4a4f-a609-4c8b09cbba42';
✅ Admin cf6cc833-e552-490c-999d-a696f9045871 verified license for driver fe39c1b6-c4cd-4a4f-a609-4c8b09cbba42
SIGTERM received, shutting down gracefully
